Server running on port 3000
✅ Firebase: Signed in anonymously
Arduino: >>> THESIS LOCKER SYSTEM STARTED (3 LOCKERS) <<<
Arduino: >>> SYSTEM READY. Insert Coins. <<<
Arduino: --- SYSTEM MONITOR ---
Arduino: L1: [OPEN  ] [EMPTY ] Wt: -0.0 kg
Arduino: L2: [OPEN  ] [EMPTY ] Wt: 0.0 kg
Arduino: L3: [OPEN  ] [EMPTY ] Wt: 0.0 kg
Arduino: CREDIT: 0.00 PHP
[2026-01-15T07:28:32.953Z]  @firebase/firestore: Firestore (12.8.0): GrpcConnection RPC 'Write' stream 0x2acc2a51 error. Code: 7 Message: 7 PERMISSION_DENIED: Cloud Firestore API has not been used in project caj-laundry-management-49191 before or it is disabled. Enable it by visiting https://console.developers.google.com/apis/api/firestore.googleapis.com/overview?project=caj-laundry-management-49191 then retry. If you enabled this API recently, wait a few minutes for the action to propagate to our systems and retry.
[2026-01-15T07:28:33.067Z]  @firebase/firestore: Firestore (12.8.0): GrpcConnection RPC 'Write' stream 0x2acc2a52 error. Code: 7 Message: 7 PERMISSION_DENIED: Cloud Firestore API has not been used in project caj-laundry-management-49191 before or it is disabled. Enable it by visiting https://console.developers.google.com/apis/api/firestore.googleapis.com/overview?project=caj-laundry-management-49191 then retry. If you enabled this API recently, wait a few minutes for the action to propagate to our systems and retry.
[2026-01-15T07:28:33.993Z]  @firebase/firestore: Firestore (12.8.0): GrpcConnection RPC 'Write' stream 0x2acc2a53 error. Code: 7 Message: 7 PERMISSION_DENIED: Cloud Firestore API has not been used in project caj-laundry-management-49191 before or it is disabled. Enable it by visiting https://console.developers.google.com/apis/api/firestore.googleapis.com/overview?project=caj-laundry-management-49191 then retry. If you enabled this API recently, wait a few minutes for the action to propagate to our systems and retry.
Arduino: --- SYSTEM MONITOR ---
Arduino: L1: [OPEN  ] [EMPTY ] Wt: -0.0 kg
Arduino: L2: [OPEN  ] [EMPTY ] Wt: 0.0 kg
Arduino: L3: [OPEN  ] [EMPTY ] Wt: 0.0 kg
Arduino: CREDIT: 0.00 PHP
[2026-01-15T07:28:35.612Z]  @firebase/firestore: Firestore (12.8.0): GrpcConnection RPC 'Write' stream 0x2acc2a54 error. Code: 7 Message: 7 PERMISSION_DENIED: Cloud Firestore API has not been used in project caj-laundry-management-49191 before or it is disabled. Enable it by visiting https://console.developers.google.com/apis/api/firestore.googleapis.com/overview?project=caj-laundry-management-49191 then retry. If you enabled this API recently, wait a few minutes for the action to propagate to our systems and retry.
Arduino: --- SYSTEM MONITOR ---
Arduino: L1: [OPEN  ] [EMPTY ] Wt: -0.0 kg
Arduino: L2: [OPEN  ] [EMPTY ] Wt: 0.0 kg
Arduino: L3: [OPEN  ] [EMPTY ] Wt: 0.0 kg
Arduino: CREDIT: 0.00 PHP
Arduino: --- SYSTEM MONITOR ---
Arduino: L1: [OPEN  ] [EMPTY ] Wt: -0.0 kg
Arduino: L2: [OPEN  ] [EMPTY ] Wt: 0.0 kg
Arduino: L3: [OPEN  ] [EMPTY ] Wt: 0.0 kg
Arduino: CREDIT: 0.00 PHP
[2026-01-15T07:28:38.881Z]  @firebase/firestore: Firestore (12.8.0): GrpcConnection RPC 'Write' stream 0x2acc2a55 error. Code: 7 Message: 7 PERMISSION_DENIED: Cloud Firestore API has not been used in project caj-laundry-management-49191 before or it is disabled. Enable it by visiting https://console.developers.google.com/apis/api/firestore.googleapis.com/overview?project=caj-laundry-management-49191 then retry. If you enabled this API recently, wait a few minutes for the action to propagate to our systems and retry.
Arduino: --- SYSTEM MONITOR ---
Arduino: L1: [OPEN  ] [EMPTY ] Wt: -0.0 kg
Arduino: L2: [OPEN  ] [EMPTY ] Wt: 0.0 kg
Arduino: L3: [OPEN  ] [EMPTY ] Wt: 0.0 kg
Arduino: CREDIT: 0.00 PHP
Arduino: --- SYSTEM MONITOR ---
Arduino: L1: [OPEN  ] [EMPTY ] Wt: -0.0 kg
Arduino: L2: [OPEN  ] [EMPTY ] Wt: 0.0 kg
Arduino: L3: [OPEN  ] [EMPTY ] Wt: 0.0 kg
Arduino: CREDIT: 0.00 PHP
[2026-01-15T07:28:43.781Z]  @firebase/firestore: Firestore (12.8.0): GrpcConnection RPC 'Write' stream 0x2acc2a56 error. Code: 7 Message: 7 PERMISSION_DENIED: Cloud Firestore API has not been used in project caj-laundry-management-49191 before or it is disabled. Enable it by visiting https://console.developers.google.com/apis/api/firestore.googleapis.com/overview?project=caj-laundry-management-49191 then retry. If you enabled this API recently, wait a few minutes for the action to propagate to our systems and retry.
Arduino: --- SYSTEM MONITOR ---
Arduino: L1: [OPEN  ] [EMPTY ] Wt: -0.0 kg
Arduino: L2: [OPEN  ] [EMPTY ] Wt: 0.0 kg
Arduino: L3: [OPEN  ] [EMPTY ] Wt: 0.0 kg
Arduino: CREDIT: 0.00 PHP
Arduino: --- SYSTEM MONITOR ---
Arduino: L1: [OPEN  ] [EMPTY ] Wt: -0.0 kg
Arduino: L2: [OPEN  ] [EMPTY ] Wt: 0.0 kg
Arduino: L3: [OPEN  ] [EMPTY ] Wt: 0.0 kg
Arduino: CREDIT: 0.00 PHP
Arduino: --- SYSTEM MONITOR ---
Arduino: L1: [OPEN  ] [EMPTY ] Wt: -0.0 kg
Arduino: L2: [OPEN  ] [EMPTY ] Wt: 0.0 kg
Arduino: L3: [OPEN  ] [EMPTY ] Wt: 0.0 kg
Arduino: CREDIT: 0.00 PHP
Arduino: --- SYSTEM MONITOR ---
Arduino: L1: [OPEN  ] [EMPTY ] Wt: -0.0 kg
Arduino: L2: [OPEN  ] [EMPTY ] Wt: 0.0 kg
Arduino: L3: [OPEN  ] [EMPTY ] Wt: 0.0 kg
Arduino: CREDIT: 0.00 PHP
[2026-01-15T07:28:51.180Z]  @firebase/firestore: Firestore (12.8.0): GrpcConnection RPC 'Write' stream 0x2acc2a57 error. Code: 7 Message: 7 PERMISSION_DENIED: Cloud Firestore API has not been used in project caj-laundry-management-49191 before or it is disabled. Enable it by visiting https://console.developers.google.com/apis/api/firestore.googleapis.com/overview?project=caj-laundry-management-49191 then retry. If you enabled this API recently, wait a few minutes for the action to propagate to our systems and retry.
Arduino: --- SYSTEM MONITOR ---
Arduino: L1: [OPEN  ] [EMPTY ] Wt: -0.0 kg
Arduino: L2: [OPEN  ] [EMPTY ] Wt: 0.0 kg
Arduino: L3: [OPEN  ] [EMPTY ] Wt: 0.0 kg
Arduino: CREDIT: 0.00 PHP
Arduino: --- SYSTEM MONITOR ---
Arduino: L1: [OPEN  ] [EMPTY ] Wt: -0.0 kg
Arduino: L2: [OPEN  ] [EMPTY ] Wt: 0.0 kg
Arduino: L3: [OPEN  ] [EMPTY ] Wt: 0.0 kg
Arduino: CREDIT: 0.00 PHP
Arduino: --- SYSTEM MONITOR ---
Arduino: L1: [OPEN  ] [EMPTY ] Wt: -0.0 kg
Arduino: L2: [OPEN  ] [EMPTY ] Wt: 0.0 kg
Arduino: L3: [OPEN  ] [EMPTY ] Wt: 0.0 kg
Arduino: CREDIT: 0.00 PHP
[2026-01-15T07:28:59.067Z]  @firebase/firestore: Firestore (12.8.0): GrpcConnection RPC 'Write' stream 0x2acc2a58 error. Code: 7 Message: 7 PERMISSION_DENIED: Cloud Firestore API has not been used in project caj-laundry-management-49191 before or it is disabled. Enable it by visiting https://console.developers.google.com/apis/api/firestore.googleapis.com/overview?project=caj-laundry-management-49191 then retry. If you enabled this API recently, wait a few minutes for the action to propagate to our systems and retry.
Arduino: --- SYSTEM MONITOR ---
Arduino: L1: [OPEN  ] [EMPTY ] Wt: -0.0 kg
Arduino: L2: [OPEN  ] [EMPTY ] Wt: 0.0 kg
Arduino: L3: [OPEN  ] [EMPTY ] Wt: 0.0 kg
Arduino: CREDIT: 0.00 PHP
Arduino: --- SYSTEM MONITOR ---
Arduino: L1: [OPEN  ] [EMPTY ] Wt: -0.0 kg
Arduino: L2: [OPEN  ] [EMPTY ] Wt: 0.0 kg
Arduino: L3: [OPEN  ] [EMPTY ] Wt: 0.0 kg
Arduino: CREDIT: 0.00 PHP
Arduino: --- SYSTEM MONITOR ---
Arduino: L1: [OPEN  ] [EMPTY ] Wt: 0.0 kg
Arduino: L2: [OPEN  ] [EMPTY ] Wt: 0.0 kg
Arduino: L3: [OPEN  ] [EMPTY ] Wt: 0.0 kg
Arduino: CREDIT: 0.00 PHP
Arduino: --- SYSTEM MONITOR ---
Arduino: L1: [OPEN  ] [EMPTY ] Wt: -0.0 kg
Arduino: L2: [OPEN  ] [EMPTY ] Wt: 0.0 kg
Arduino: L3: [OPEN  ] [EMPTY ] Wt: 0.0 kg
Arduino: CREDIT: 0.00 PHP
Arduino: >>> UNLOCKING L1 <<<
Arduino: >>> DOOR OPENED. SOLENOID OFF. <<<
Arduino: --- SYSTEM MONITOR ---
Arduino: L1: [OPEN  ] [EMPTY ] Wt: 2.5 kg
Arduino: L2: [OPEN  ] [EMPTY ] Wt: 0.0 kg
Arduino: L3: [OPEN  ] [EMPTY ] Wt: 0.0 kg
Arduino: CREDIT: 0.00 PHP
Arduino: --- SYSTEM MONITOR ---
Arduino: L1: [OPEN  ] [EMPTY ] Wt: 2.5 kg
Arduino: L2: [OPEN  ] [EMPTY ] Wt: 0.0 kg
Arduino: L3: [OPEN  ] [EMPTY ] Wt: 0.0 kg
Arduino: CREDIT: 0.00 PHP
Arduino: >>> COIN DETECTED: 2
Arduino: [!] ERROR: Unregistered Pulse.
[2026-01-15T07:29:15.203Z]  @firebase/firestore: Firestore (12.8.0): GrpcConnection RPC 'Write' stream 0x2acc2a59 error. Code: 7 Message: 7 PERMISSION_DENIED: Cloud Firestore API has not been used in project caj-laundry-management-49191 before or it is disabled. Enable it by visiting https://console.developers.google.com/apis/api/firestore.googleapis.com/overview?project=caj-laundry-management-49191 then retry. If you enabled this API recently, wait a few minutes for the action to propagate to our systems and retry.
Arduino: --- SYSTEM MONITOR ---
Arduino: L1: [OPEN  ] [EMPTY ] Wt: 2.4 kg
Arduino: L2: [OPEN  ] [EMPTY ] Wt: 0.0 kg
Arduino: L3: [OPEN  ] [EMPTY ] Wt: 0.0 kg
Arduino: CREDIT: 0.00 PHP
Arduino: --- SYSTEM MONITOR ---
Arduino: L1: [OPEN  ] [EMPTY ] Wt: 2.4 kg
Arduino: L2: [OPEN  ] [EMPTY ] Wt: 0.0 kg
Arduino: L3: [OPEN  ] [EMPTY ] Wt: 0.0 kg
Arduino: CREDIT: 0.00 PHP
Arduino: --- SYSTEM MONITOR ---
Arduino: L1: [OPEN  ] [EMPTY ] Wt: -0.0 kg
Arduino: L2: [OPEN  ] [EMPTY ] Wt: -0.0 kg
Arduino: L3: [OPEN  ] [EMPTY ] Wt: 0.0 kg
Arduino: CREDIT: 0.00 PHP
Arduino: --- SYSTEM MONITOR ---
Arduino: L1: [OPEN  ] [EMPTY ] Wt: -0.0 kg
Arduino: L2: [OPEN  ] [EMPTY ] Wt: -0.0 kg
Arduino: L3: [OPEN  ] [EMPTY ] Wt: 0.0 kg
Arduino: CREDIT: 0.00 PHP
Arduino: --- SYSTEM MONITOR ---
Arduino: L1: [OPEN  ] [EMPTY ] Wt: -0.0 kg
Arduino: L2: [OPEN  ] [EMPTY ] Wt: -0.0 kg
Arduino: L3: [OPEN  ] [EMPTY ] Wt: 0.0 kg
Arduino: CREDIT: 0.00 PHP
Arduino: --- SYSTEM MONITOR ---
Arduino: L1: [OPEN  ] [EMPTY ] Wt: -0.0 kg
Arduino: L2: [OPEN  ] [EMPTY ] Wt: 0.0 kg
Arduino: L3: [OPEN  ] [EMPTY ] Wt: 0.0 kg
Arduino: CREDIT: 0.00 PHP
Arduino: --- SYSTEM MONITOR ---
Arduino: L1: [OPEN  ] [EMPTY ] Wt: -0.0 kg
Arduino: L2: [OPEN  ] [EMPTY ] Wt: -0.0 kg
Arduino: L3: [OPEN  ] [EMPTY ] Wt: 0.0 kg
Arduino: CREDIT: 0.00 PHP
Arduino: --- SYSTEM MONITOR ---
Arduino: L1: [OPEN  ] [EMPTY ] Wt: -0.0 kg
Arduino: L2: [OPEN  ] [EMPTY ] Wt: 0.0 kg
Arduino: L3: [OPEN  ] [EMPTY ] Wt: 0.0 kg
Arduino: CREDIT: 0.00 PHP
Arduino: --- SYSTEM MONITOR ---
Arduino: L1: [OPEN  ] [EMPTY ] Wt: -0.0 kg
Arduino: L2: [OPEN  ] [EMPTY ] Wt: -0.0 kg
Arduino: L3: [OPEN  ] [EMPTY ] Wt: 0.0 kg
Arduino: CREDIT: 0.00 PHP
[2026-01-15T07:29:34.522Z]  @firebase/firestore: Firestore (12.8.0): GrpcConnection RPC 'Write' stream 0x2acc2a5a error. Code: 7 Message: 7 PERMISSION_DENIED: Cloud Firestore API has not been used in project caj-laundry-management-49191 before or it is disabled. Enable it by visiting https://console.developers.google.com/apis/api/firestore.googleapis.com/overview?project=caj-laundry-management-49191 then retry. If you enabled this API recently, wait a few minutes for the action to propagate to our systems and retry.
Arduino: --- SYSTEM MONITOR ---
Arduino: L1: [OPEN  ] [EMPTY ] Wt: -0.0 kg
Arduino: L2: [OPEN  ] [EMPTY ] Wt: -0.0 kg
Arduino: L3: [OPEN  ] [EMPTY ] Wt: 0.0 kg
Arduino: CREDIT: 0.00 PHP
Arduino: --- SYSTEM MONITOR ---
Arduino: L1: [OPEN  ] [EMPTY ] Wt: -0.0 kg
Arduino: L2: [OPEN  ] [EMPTY ] Wt: -0.0 kg
Arduino: L3: [OPEN  ] [EMPTY ] Wt: 0.0 kg
Arduino: CREDIT: 0.00 PHP
Arduino: --- SYSTEM MONITOR ---
Arduino: L1: [OPEN  ] [EMPTY ] Wt: -0.0 kg
Arduino: L2: [OPEN  ] [EMPTY ] Wt: 0.0 kg
Arduino: L3: [OPEN  ] [EMPTY ] Wt: 0.0 kg
Arduino: CREDIT: 0.00 PHP
Arduino: --- SYSTEM MONITOR ---
Arduino: L1: [OPEN  ] [EMPTY ] Wt: -0.0 kg
Arduino: L2: [OPEN  ] [EMPTY ] Wt: 0.0 kg
Arduino: L3: [OPEN  ] [EMPTY ] Wt: 0.0 kg
Arduino: CREDIT: 0.00 PHP
Arduino: --- SYSTEM MONITOR ---
Arduino: L1: [OPEN  ] [EMPTY ] Wt: -0.0 kg
Arduino: L2: [OPEN  ] [EMPTY ] Wt: 0.0 kg
Arduino: L3: [OPEN  ] [EMPTY ] Wt: 0.0 kg
Arduino: CREDIT: 0.00 PHP
Arduino: --- SYSTEM MONITOR ---
Arduino: L1: [OPEN  ] [EMPTY ] Wt: -0.0 kg
Arduino: L2: [OPEN  ] [EMPTY ] Wt: -0.0 kg
Arduino: L3: [OPEN  ] [EMPTY ] Wt: 0.0 kg
Arduino: CREDIT: 0.00 PHP
Arduino: --- SYSTEM MONITOR ---
Arduino: L1: [OPEN  ] [EMPTY ] Wt: -0.0 kg
Arduino: L2: [OPEN  ] [EMPTY ] Wt: -0.0 kg
Arduino: L3: [OPEN  ] [EMPTY ] Wt: 0.0 kg
Arduino: CREDIT: 0.00 PHP
Arduino: --- SYSTEM MONITOR ---
Arduino: L1: [OPEN  ] [EMPTY ] Wt: -0.0 kg
Arduino: L2: [OPEN  ] [EMPTY ] Wt: -0.0 kg
Arduino: L3: [OPEN  ] [EMPTY ] Wt: 0.0 kg
Arduino: CREDIT: 0.00 PHP
Arduino: --- SYSTEM MONITOR ---
Arduino: L1: [OPEN  ] [EMPTY ] Wt: -0.0 kg
Arduino: L2: [OPEN  ] [EMPTY ] Wt: 0.0 kg
Arduino: L3: [OPEN  ] [EMPTY ] Wt: 0.0 kg
Arduino: CREDIT: 0.00 PHP
Arduino: --- SYSTEM MONITOR ---
Arduino: L1: [OPEN  ] [EMPTY ] Wt: -0.0 kg
Arduino: L2: [OPEN  ] [EMPTY ] Wt: 0.0 kg
Arduino: L3: [OPEN  ] [EMPTY ] Wt: 0.0 kg
Arduino: CREDIT: 0.00 PHP
Arduino: --- SYSTEM MONITOR ---
Arduino: L1: [OPEN  ] [EMPTY ] Wt: -0.0 kg
Arduino: L2: [OPEN  ] [EMPTY ] Wt: 0.0 kg
Arduino: L3: [OPEN  ] [EMPTY ] Wt: 0.0 kg
Arduino: CREDIT: 0.00 PHP
Arduino: --- SYSTEM MONITOR ---
Arduino: L1: [OPEN  ] [EMPTY ] Wt: -0.0 kg
Arduino: L2: [OPEN  ] [EMPTY ] Wt: 0.0 kg
Arduino: L3: [OPEN  ] [EMPTY ] Wt: 0.0 kg
Arduino: CREDIT: 0.00 PHP
[2026-01-15T07:29:59.540Z]  @firebase/firestore: Firestore (12.8.0): GrpcConnection RPC 'Write' stream 0x2acc2a5b error. Code: 7 Message: 7 PERMISSION_DENIED: Cloud Firestore API has not been used in project caj-laundry-management-49191 before or it is disabled. Enable it by visiting https://console.developers.google.com/apis/api/firestore.googleapis.com/overview?project=caj-laundry-management-49191 then retry. If you enabled this API recently, wait a few minutes for the action to propagate to our systems and retry.
Arduino: --- SYSTEM MONITOR ---
Arduino: L1: [OPEN  ] [EMPTY ] Wt: -0.0 kg
Arduino: L2: [OPEN  ] [EMPTY ] Wt: -0.0 kg
Arduino: L3: [OPEN  ] [EMPTY ] Wt: 0.0 kg
Arduino: CREDIT: 0.00 PHP
Arduino: --- SYSTEM MONITOR ---
Arduino: L1: [OPEN  ] [EMPTY ] Wt: -0.0 kg
Arduino: L2: [OPEN  ] [EMPTY ] Wt: 0.0 kg
Arduino: L3: [OPEN  ] [EMPTY ] Wt: 0.0 kg
Arduino: CREDIT: 0.00 PHP
Arduino: --- SYSTEM MONITOR ---
Arduino: L1: [OPEN  ] [EMPTY ] Wt: -0.0 kg
Arduino: L2: [OPEN  ] [EMPTY ] Wt: 0.0 kg
Arduino: L3: [OPEN  ] [EMPTY ] Wt: 0.0 kg
Arduino: CREDIT: 0.00 PHP
Arduino: --- SYSTEM MONITOR ---
Arduino: L1: [OPEN  ] [EMPTY ] Wt: -0.0 kg
Arduino: L2: [OPEN  ] [EMPTY ] Wt: 0.0 kg
Arduino: L3: [OPEN  ] [EMPTY ] Wt: 0.0 kg
Arduino: CREDIT: 0.00 PHP
Arduino: --- SYSTEM MONITOR ---
Arduino: L1: [OPEN  ] [EMPTY ] Wt: -0.0 kg
Arduino: L2: [OPEN  ] [EMPTY ] Wt: 0.0 kg
Arduino: L3: [OPEN  ] [EMPTY ] Wt: 0.0 kg
Arduino: CREDIT: 0.00 PHP
Arduino: --- SYSTEM MONITOR ---
Arduino: L1: [OPEN  ] [EMPTY ] Wt: -0.0 kg
Arduino: L2: [OPEN  ] [EMPTY ] Wt: 0.0 kg
Arduino: L3: [OPEN  ] [EMPTY ] Wt: 0.0 kg
Arduino: CREDIT: 0.00 PHP
Arduino: --- SYSTEM MONITOR ---
Arduino: L1: [OPEN  ] [EMPTY ] Wt: -0.0 kg
Arduino: L2: [OPEN  ] [EMPTY ] Wt: 0.0 kg
Arduino: L3: [OPEN  ] [EMPTY ] Wt: 0.0 kg
Arduino: CREDIT: 0.00 PHP
Arduino: --- SYSTEM MONITOR ---
Arduino: L1: [OPEN  ] [EMPTY ] Wt: -0.0 kg
Arduino: L2: [OPEN  ] [EMPTY ] Wt: 0.0 kg
Arduino: L3: [OPEN  ] [EMPTY ] Wt: 0.0 kg
Arduino: CREDIT: 0.00 PHP
Arduino: --- SYSTEM MONITOR ---
Arduino: L1: [OPEN  ] [EMPTY ] Wt: -0.0 kg
Arduino: L2: [OPEN  ] [EMPTY ] Wt: 0.0 kg
Arduino: L3: [OPEN  ] [EMPTY ] Wt: 0.0 kg
Arduino: CREDIT: 0.00 PHP
Arduino: --- SYSTEM MONITOR ---
Arduino: L1: [OPEN  ] [EMPTY ] Wt: -0.0 kg
Arduino: L2: [OPEN  ] [EMPTY ] Wt: 0.0 kg
Arduino: L3: [OPEN  ] [EMPTY ] Wt: 0.0 kg
Arduino: CREDIT: 0.00 PHP
Arduino: --- SYSTEM MONITOR ---
Arduino: L1: [OPEN  ] [EMPTY ] Wt: -0.0 kg
Arduino: L2: [OPEN  ] [EMPTY ] Wt: 0.0 kg
Arduino: L3: [OPEN  ] [EMPTY ] Wt: 0.0 kg
Arduino: CREDIT: 0.00 PHP
Arduino: --- SYSTEM MONITOR ---
Arduino: L1: [OPEN  ] [EMPTY ] Wt: -0.0 kg
Arduino: L2: [OPEN  ] [EMPTY ] Wt: 0.0 kg
Arduino: L3: [OPEN  ] [EMPTY ] Wt: 0.0 kg
Arduino: CREDIT: 0.00 PHP
Arduino: --- SYSTEM MONITOR ---
Arduino: L1: [OPEN  ] [EMPTY ] Wt: -0.0 kg
Arduino: L2: [OPEN  ] [EMPTY ] Wt: 0.0 kg
Arduino: L3: [OPEN  ] [EMPTY ] Wt: 0.0 kg
Arduino: CREDIT: 0.00 PHP
Arduino: --- SYSTEM MONITOR ---
Arduino: L1: [OPEN  ] [EMPTY ] Wt: -0.0 kg
Arduino: L2: [OPEN  ] [EMPTY ] Wt: 0.0 kg
Arduino: L3: [OPEN  ] [EMPTY ] Wt: 0.0 kg
Arduino: CREDIT: 0.00 PHP
Arduino: --- SYSTEM MONITOR ---
Arduino: L1: [OPEN  ] [EMPTY ] Wt: -0.0 kg
Arduino: L2: [OPEN  ] [EMPTY ] Wt: 0.0 kg
Arduino: L3: [OPEN  ] [EMPTY ] Wt: 0.0 kg
Arduino: CREDIT: 0.00 PHP
Arduino: --- SYSTEM MONITOR ---
Arduino: L1: [OPEN  ] [EMPTY ] Wt: -0.0 kg
Arduino: L2: [OPEN  ] [EMPTY ] Wt: 0.0 kg
Arduino: L3: [OPEN  ] [EMPTY ] Wt: 0.0 kg
Arduino: CREDIT: 0.00 PHP
Arduino: --- SYSTEM MONITOR ---
Arduino: L1: [OPEN  ] [EMPTY ] Wt: -0.0 kg
Arduino: L2: [OPEN  ] [EMPTY ] Wt: -0.0 kg
Arduino: L3: [OPEN  ] [EMPTY ] Wt: 0.0 kg
Arduino: CREDIT: 0.00 PHP
Arduino: --- SYSTEM MONITOR ---
Arduino: L1: [OPEN  ] [EMPTY ] Wt: -0.0 kg
Arduino: L2: [OPEN  ] [EMPTY ] Wt: 0.0 kg
Arduino: L3: [OPEN  ] [EMPTY ] Wt: 0.0 kg
Arduino: CREDIT: 0.00 PHP
Arduino: --- SYSTEM MONITOR ---
Arduino: L1: [OPEN  ] [EMPTY ] Wt: -0.0 kg
Arduino: L2: [OPEN  ] [EMPTY ] Wt: 0.0 kg
Arduino: L3: [OPEN  ] [EMPTY ] Wt: 0.0 kg
Arduino: CREDIT: 0.00 PHP
Arduino: --- SYSTEM MONITOR ---
Arduino: L1: [OPEN  ] [EMPTY ] Wt: -0.0 kg
Arduino: L2: [OPEN  ] [EMPTY ] Wt: 0.0 kg
Arduino: L3: [OPEN  ] [EMPTY ] Wt: 0.0 kg
Arduino: CREDIT: 0.00 PHP
Arduino: --- SYSTEM MONITOR ---
Arduino: L1: [OPEN  ] [EMPTY ] Wt: -0.0 kg
Arduino: L2: [OPEN  ] [EMPTY ] Wt: 0.0 kg
Arduino: L3: [OPEN  ] [EMPTY ] Wt: 0.0 kg
Arduino: CREDIT: 0.00 PHP
Arduino: --- SYSTEM MONITOR ---
Arduino: L1: [OPEN  ] [EMPTY ] Wt: -0.0 kg
Arduino: L2: [OPEN  ] [EMPTY ] Wt: 0.0 kg
Arduino: L3: [OPEN  ] [EMPTY ] Wt: 0.0 kg
Arduino: CREDIT: 0.00 PHP
[2026-01-15T07:30:44.417Z]  @firebase/firestore: Firestore (12.8.0): GrpcConnection RPC 'Write' stream 0x2acc2a5c error. Code: 7 Message: 7 PERMISSION_DENIED: Cloud Firestore API has not been used in project caj-laundry-management-49191 before or it is disabled. Enable it by visiting https://console.developers.google.com/apis/api/firestore.googleapis.com/overview?project=caj-laundry-management-49191 then retry. If you enabled this API recently, wait a few minutes for the action to propagate to our systems and retry.
Arduino: --- SYSTEM MONITOR ---
Arduino: L1: [OPEN  ] [EMPTY ] Wt: -0.0 kg
Arduino: L2: [OPEN  ] [EMPTY ] Wt: 0.0 kg
Arduino: L3: [OPEN  ] [EMPTY ] Wt: 0.0 kg
Arduino: CREDIT: 0.00 PHP
Arduino: --- SYSTEM MONITOR ---
Arduino: L1: [OPEN  ] [EMPTY ] Wt: -0.0 kg
Arduino: L2: [OPEN  ] [EMPTY ] Wt: 0.0 kg
Arduino: L3: [OPEN  ] [EMPTY ] Wt: 0.0 kg
Arduino: CREDIT: 0.00 PHP
Arduino: --- SYSTEM MONITOR ---
Arduino: L1: [OPEN  ] [EMPTY ] Wt: -0.0 kg
Arduino: L2: [OPEN  ] [EMPTY ] Wt: 0.0 kg
Arduino: L3: [OPEN  ] [EMPTY ] Wt: 0.0 kg
Arduino: CREDIT: 0.00 PHP
Arduino: --- SYSTEM MONITOR ---
Arduino: L1: [OPEN  ] [EMPTY ] Wt: -0.0 kg
Arduino: L2: [OPEN  ] [EMPTY ] Wt: 0.0 kg
Arduino: L3: [OPEN  ] [EMPTY ] Wt: 0.0 kg
Arduino: CREDIT: 0.00 PHP
Arduino: --- SYSTEM MONITOR ---
Arduino: L1: [OPEN  ] [EMPTY ] Wt: -0.0 kg
Arduino: L2: [OPEN  ] [EMPTY ] Wt: 0.0 kg
Arduino: L3: [OPEN  ] [EMPTY ] Wt: 0.0 kg
Arduino: CREDIT: 0.00 PHP
Arduino: --- SYSTEM MONITOR ---
Arduino: L1: [OPEN  ] [EMPTY ] Wt: -0.0 kg
Arduino: L2: [OPEN  ] [EMPTY ] Wt: 0.0 kg
Arduino: L3: [OPEN  ] [EMPTY ] Wt: 0.0 kg
Arduino: CREDIT: 0.00 PHP
Arduino: --- SYSTEM MONITOR ---
Arduino: L1: [OPEN  ] [EMPTY ] Wt: -0.0 kg
Arduino: L2: [OPEN  ] [EMPTY ] Wt: 0.0 kg
Arduino: L3: [OPEN  ] [EMPTY ] Wt: 0.0 kg
Arduino: CREDIT: 0.00 PHP
Arduino: --- SYSTEM MONITOR ---
Arduino: L1: [OPEN  ] [EMPTY ] Wt: -0.0 kg
Arduino: L2: [OPEN  ] [EMPTY ] Wt: 0.0 kg
Arduino: L3: [OPEN  ] [EMPTY ] Wt: 0.0 kg
Arduino: CREDIT: 0.00 PHP
Arduino: --- SYSTEM MONITOR ---
Arduino: L1: [OPEN  ] [EMPTY ] Wt: -0.0 kg
Arduino: L2: [OPEN  ] [EMPTY ] Wt: 0.0 kg
Arduino: L3: [OPEN  ] [EMPTY ] Wt: 0.0 kg
Arduino: CREDIT: 0.00 PHP
Arduino: --- SYSTEM MONITOR ---
Arduino: L1: [OPEN  ] [EMPTY ] Wt: -0.0 kg
Arduino: L2: [OPEN  ] [EMPTY ] Wt: -0.0 kg
Arduino: L3: [OPEN  ] [EMPTY ] Wt: 0.0 kg
Arduino: CREDIT: 0.00 PHP
Arduino: --- SYSTEM MONITOR ---
Arduino: L1: [OPEN  ] [EMPTY ] Wt: -0.0 kg
Arduino: L2: [OPEN  ] [EMPTY ] Wt: 0.0 kg
Arduino: L3: [OPEN  ] [EMPTY ] Wt: 0.0 kg
Arduino: CREDIT: 0.00 PHP
Arduino: --- SYSTEM MONITOR ---
Arduino: L1: [OPEN  ] [EMPTY ] Wt: -0.0 kg
Arduino: L2: [OPEN  ] [EMPTY ] Wt: 0.0 kg
Arduino: L3: [OPEN  ] [EMPTY ] Wt: 0.0 kg
Arduino: CREDIT: 0.00 PHP
Arduino: --- SYSTEM MONITOR ---
Arduino: L1: [OPEN  ] [EMPTY ] Wt: -0.0 kg
Arduino: L2: [OPEN  ] [EMPTY ] Wt: -0.0 kg
Arduino: L3: [OPEN  ] [EMPTY ] Wt: 0.0 kg
Arduino: CREDIT: 0.00 PHP
Arduino: --- SYSTEM MONITOR ---
Arduino: L1: [OPEN  ] [EMPTY ] Wt: -0.0 kg
Arduino: L2: [OPEN  ] [EMPTY ] Wt: 0.0 kg
Arduino: L3: [OPEN  ] [EMPTY ] Wt: 0.0 kg
Arduino: CREDIT: 0.00 PHP
Arduino: --- SYSTEM MONITOR ---
Arduino: L1: [OPEN  ] [EMPTY ] Wt: -0.0 kg
Arduino: L2: [OPEN  ] [EMPTY ] Wt: 0.0 kg
Arduino: L3: [OPEN  ] [EMPTY ] Wt: 0.0 kg
Arduino: CREDIT: 0.00 PHP
Arduino: --- SYSTEM MONITOR ---
Arduino: L1: [OPEN  ] [EMPTY ] Wt: -0.0 kg
Arduino: L2: [OPEN  ] [EMPTY ] Wt: 0.0 kg
Arduino: L3: [OPEN  ] [EMPTY ] Wt: 0.0 kg
Arduino: CREDIT: 0.00 PHP
Arduino: --- SYSTEM MONITOR ---
Arduino: L1: [OPEN  ] [EMPTY ] Wt: -0.0 kg
Arduino: L2: [OPEN  ] [EMPTY ] Wt: 0.0 kg
Arduino: L3: [OPEN  ] [EMPTY ] Wt: 0.0 kg
Arduino: CREDIT: 0.00 PHP
Arduino: --- SYSTEM MONITOR ---
Arduino: L1: [OPEN  ] [EMPTY ] Wt: -0.0 kg
Arduino: L2: [OPEN  ] [EMPTY ] Wt: 0.0 kg
Arduino: L3: [OPEN  ] [EMPTY ] Wt: 0.0 kg
Arduino: CREDIT: 0.00 PHP
Arduino: --- SYSTEM MONITOR ---
Arduino: L1: [OPEN  ] [EMPTY ] Wt: -0.0 kg
Arduino: L2: [OPEN  ] [EMPTY ] Wt: 0.0 kg
Arduino: L3: [OPEN  ] [EMPTY ] Wt: 0.0 kg
Arduino: CREDIT: 0.00 PHP
Arduino: --- SYSTEM MONITOR ---
Arduino: L1: [OPEN  ] [EMPTY ] Wt: -0.0 kg
Arduino: L2: [OPEN  ] [EMPTY ] Wt: 0.0 kg
Arduino: L3: [OPEN  ] [EMPTY ] Wt: 0.0 kg
Arduino: CREDIT: 0.00 PHP
Arduino: --- SYSTEM MONITOR ---
Arduino: L1: [OPEN  ] [EMPTY ] Wt: -0.0 kg
Arduino: L2: [OPEN  ] [EMPTY ] Wt: 0.0 kg
Arduino: L3: [OPEN  ] [EMPTY ] Wt: 0.0 kg
Arduino: CREDIT: 0.00 PHP
Arduino: --- SYSTEM MONITOR ---
Arduino: L1: [OPEN  ] [EMPTY ] Wt: -0.0 kg
Arduino: L2: [OPEN  ] [EMPTY ] Wt: 0.0 kg
Arduino: L3: [OPEN  ] [EMPTY ] Wt: 0.0 kg
Arduino: CREDIT: 0.00 PHP
Arduino: --- SYSTEM MONITOR ---
Arduino: L1: [OPEN  ] [EMPTY ] Wt: -0.0 kg
Arduino: L2: [OPEN  ] [EMPTY ] Wt: 0.0 kg
Arduino: L3: [OPEN  ] [EMPTY ] Wt: 0.0 kg
Arduino: CREDIT: 0.00 PHP
Arduino: --- SYSTEM MONITOR ---
Arduino: L1: [OPEN  ] [EMPTY ] Wt: -0.0 kg
Arduino: L2: [OPEN  ] [EMPTY ] Wt: 0.0 kg
Arduino: L3: [OPEN  ] [EMPTY ] Wt: 0.0 kg
Arduino: CREDIT: 0.00 PHP
Arduino: --- SYSTEM MONITOR ---
Arduino: L1: [OPEN  ] [EMPTY ] Wt: -0.0 kg
Arduino: L2: [OPEN  ] [EMPTY ] Wt: 0.0 kg
Arduino: L3: [OPEN  ] [EMPTY ] Wt: 0.0 kg
Arduino: CREDIT: 0.00 PHP
Arduino: --- SYSTEM MONITOR ---
Arduino: L1: [OPEN  ] [EMPTY ] Wt: -0.0 kg
Arduino: L2: [OPEN  ] [EMPTY ] Wt: 0.0 kg
Arduino: L3: [OPEN  ] [EMPTY ] Wt: 0.0 kg
Arduino: CREDIT: 0.00 PHP
