--- Kiosk System Starting: Mon  2 Feb 18:56:54 PST 2026 ---
🧹 Cleaning up old processes...
NVM failed. Using manual path fallback...
Starting Hardware Bridge...
Starting Backend Server...
Starting React Frontend...
Waiting 20 seconds for full initialization...

> laundry-kiosk@0.0.0 dev
> vite --port 5173 --strictPort


  VITE v7.3.1  ready in 3365 ms

  ➜  Local:   http://localhost:5173/
  ➜  Network: use --host to expose
👀 Watching local file: sys_state.json
🚀 Server running on 3000 (Hybrid Mode)
✅ [FIREBASE] Authenticated (Command/SMS Mode)
--- Scanning for Hardware ---
🔎 Probing /dev/ttyUSB0...
✅ [FIREBASE] Ready for commands
✅ ARDUINO found on /dev/ttyUSB0
🔎 Probing /dev/ttyUSB1...
✅ GSM found on /dev/ttyUSB1
🎧 Listening for Firebase Commands & Transactions...
/home/caj/laundry-kiosk/venv/lib/python3.13/site-packages/google/cloud/firestore_v1/base_collection.py:316: UserWarning: Detected filter using positional arguments. Prefer using the 'filter' keyword argument instead.
  return query.where(field_path, op_string, value)
🚀 Hybrid Bridge Running...
Launching Chromium...
--- Kiosk fully initialized. ---
📱 2026-02-02 18:57:15 Sending SMS to 09934053130
[1888:1922:0202/185744.673641:ERROR:google_apis/gcm/engine/registration_request.cc:291] Registration response error message: DEPRECATED_ENDPOINT
[1888:1922:0202/185810.219295:ERROR:google_apis/gcm/engine/registration_request.cc:291] Registration response error message: DEPRECATED_ENDPOINT
📤 [REMOTE COMMAND] Sent: UNLOCK:2
[REMOTE] Sent unlock command for Locker 2
[REMOTE] Sent unlock command for Locker 2
📤 [REMOTE COMMAND] Sent: UNLOCK:2
📤 [REMOTE COMMAND] Sent: LOCK:2
📤 [REMOTE COMMAND] Sent: LOCK:2
Printer Error: Error: Command failed: printf "
      CAJ LAUNDRY LOCKER CO.
   --------------------------
   Date: 02/02/2026, 18:58:41
   Trans #: TRX-1770029921
   Service: DROPOFF
   --------------------------
   Weight: 1.90 kg
   Price:  PHP 47.50
   --------------------------
   YOUR PIN: 8208\n   Keep this PIN safe!
   --------------------------
   Thank you!
  " > /dev/usb/lp0
/bin/sh: 1: cannot create /dev/usb/lp0: Directory nonexistent

    at genericNodeError (node:internal/errors:985:15)
    at wrappedFn (node:internal/errors:539:14)
    at ChildProcess.exithandler (node:child_process:417:12)
    at ChildProcess.emit (node:events:508:28)
    at maybeClose (node:internal/child_process:1101:16)
    at Socket.<anonymous> (node:internal/child_process:457:11)
    at Socket.emit (node:events:508:28)
    at Pipe.<anonymous> (node:net:346:12) {
  code: 2,
  killed: false,
  signal: null,
  cmd: 'printf "\n' +
    '      CAJ LAUNDRY LOCKER CO.\n' +
    '   --------------------------\n' +
    '   Date: 02/02/2026, 18:58:41\n' +
    '   Trans #: TRX-1770029921\n' +
    '   Service: DROPOFF\n' +
    '   --------------------------\n' +
    '   Weight: 1.90 kg\n' +
    '   Price:  PHP 47.50\n' +
    '   --------------------------\n' +
    '   YOUR PIN: 8208\\n   Keep this PIN safe!\n' +
    '   --------------------------\n' +
    '   Thank you!\n' +
    '  " > /dev/usb/lp0'
}
📱 2026-02-02 18:58:42 Sending SMS to 09062815416
[1888:1922:0202/185902.255046:ERROR:google_apis/gcm/engine/registration_request.cc:291] Registration response error message: QUOTA_EXCEEDED
